mode: atomic
github.com/thewholedonuts-beep/wholedonuts-universe/examples/setup-funnels.go:12.13,25.16 5 0
github.com/thewholedonuts-beep/wholedonuts-universe/examples/setup-funnels.go:25.16,27.3 1 0
github.com/thewholedonuts-beep/wholedonuts-universe/examples/setup-funnels.go:28.2,31.16 3 0
github.com/thewholedonuts-beep/wholedonuts-universe/examples/setup-funnels.go:31.16,33.3 1 0
github.com/thewholedonuts-beep/wholedonuts-universe/examples/setup-funnels.go:34.2,37.16 3 0
github.com/thewholedonuts-beep/wholedonuts-universe/examples/setup-funnels.go:37.16,39.3 1 0
github.com/thewholedonuts-beep/wholedonuts-universe/examples/setup-funnels.go:40.2,59.16 5 0
github.com/thewholedonuts-beep/wholedonuts-universe/examples/setup-funnels.go:59.16,61.3 1 0
github.com/thewholedonuts-beep/wholedonuts-universe/examples/setup-funnels.go:62.2,81.16 5 0
github.com/thewholedonuts-beep/wholedonuts-universe/examples/setup-funnels.go:81.16,83.3 1 0
github.com/thewholedonuts-beep/wholedonuts-universe/examples/setup-funnels.go:84.2,103.16 5 0
github.com/thewholedonuts-beep/wholedonuts-universe/examples/setup-funnels.go:103.16,105.3 1 0
github.com/thewholedonuts-beep/wholedonuts-universe/examples/setup-funnels.go:106.2,112.16 4 0
github.com/thewholedonuts-beep/wholedonuts-universe/examples/setup-funnels.go:112.16,114.3 1 0
github.com/thewholedonuts-beep/wholedonuts-universe/examples/setup-funnels.go:116.2,117.16 2 0
github.com/thewholedonuts-beep/wholedonuts-universe/examples/setup-funnels.go:117.16,119.3 1 0
github.com/thewholedonuts-beep/wholedonuts-universe/examples/setup-funnels.go:121.2,122.16 2 0
github.com/thewholedonuts-beep/wholedonuts-universe/examples/setup-funnels.go:122.16,124.3 1 0
github.com/thewholedonuts-beep/wholedonuts-universe/examples/setup-funnels.go:127.2,129.28 3 0
github.com/thewholedonuts-beep/wholedonuts-universe/examples/setup-funnels.go:129.28,136.3 6 0
github.com/thewholedonuts-beep/wholedonuts-universe/examples/setup-funnels.go:139.2,141.16 3 0
github.com/thewholedonuts-beep/wholedonuts-universe/examples/setup-funnels.go:141.16,143.3 1 0
github.com/thewholedonuts-beep/wholedonuts-universe/examples/setup-funnels.go:143.8,144.29 1 0
github.com/thewholedonuts-beep/wholedonuts-universe/examples/setup-funnels.go:144.29,145.21 1 0
github.com/thewholedonuts-beep/wholedonuts-universe/examples/setup-funnels.go:145.21,147.5 1 0
github.com/thewholedonuts-beep/wholedonuts-universe/cmd/scaling-orchestrator/main.go:29.76,34.2 1 0
github.com/thewholedonuts-beep/wholedonuts-universe/cmd/scaling-orchestrator/main.go:36.173,51.2 6 0
github.com/thewholedonuts-beep/wholedonuts-universe/cmd/scaling-orchestrator/main.go:53.95,58.13 4 0
github.com/thewholedonuts-beep/wholedonuts-universe/cmd/scaling-orchestrator/main.go:58.13,60.3 1 0
github.com/thewholedonuts-beep/wholedonuts-universe/cmd/scaling-orchestrator/main.go:62.2,72.56 9 0
github.com/thewholedonuts-beep/wholedonuts-universe/cmd/scaling-orchestrator/main.go:72.56,74.22 2 0
github.com/thewholedonuts-beep/wholedonuts-universe/cmd/scaling-orchestrator/main.go:74.22,75.12 1 0
github.com/thewholedonuts-beep/wholedonuts-universe/cmd/scaling-orchestrator/main.go:79.3,80.17 2 0
github.com/thewholedonuts-beep/wholedonuts-universe/cmd/scaling-orchestrator/main.go:80.17,82.4 1 0
github.com/thewholedonuts-beep/wholedonuts-universe/cmd/scaling-orchestrator/main.go:85.3,85.75 1 0
github.com/thewholedonuts-beep/wholedonuts-universe/cmd/scaling-orchestrator/main.go:85.75,88.47 2 0
github.com/thewholedonuts-beep/wholedonuts-universe/cmd/scaling-orchestrator/main.go:88.47,101.19 6 0
github.com/thewholedonuts-beep/wholedonuts-universe/cmd/scaling-orchestrator/main.go:101.19,103.6 1 0
github.com/thewholedonuts-beep/wholedonuts-universe/cmd/scaling-orchestrator/main.go:103.11,108.6 4 0
github.com/thewholedonuts-beep/wholedonuts-universe/cmd/scaling-orchestrator/main.go:113.2,117.29 4 0
github.com/thewholedonuts-beep/wholedonuts-universe/cmd/scaling-orchestrator/main.go:117.29,118.17 1 0
github.com/thewholedonuts-beep/wholedonuts-universe/cmd/scaling-orchestrator/main.go:118.17,121.4 2 0
github.com/thewholedonuts-beep/wholedonuts-universe/cmd/scaling-orchestrator/main.go:124.2,125.12 2 0
github.com/thewholedonuts-beep/wholedonuts-universe/cmd/scaling-orchestrator/main.go:128.88,141.16 4 0
github.com/thewholedonuts-beep/wholedonuts-universe/cmd/scaling-orchestrator/main.go:141.16,144.3 2 0
github.com/thewholedonuts-beep/wholedonuts-universe/cmd/scaling-orchestrator/main.go:144.8,146.3 1 0
github.com/thewholedonuts-beep/wholedonuts-universe/cmd/scaling-orchestrator/main.go:148.2,149.21 2 0
github.com/thewholedonuts-beep/wholedonuts-universe/cmd/scaling-orchestrator/main.go:152.46,155.44 3 0
github.com/thewholedonuts-beep/wholedonuts-universe/cmd/scaling-orchestrator/main.go:155.44,156.27 1 0
github.com/thewholedonuts-beep/wholedonuts-universe/cmd/scaling-orchestrator/main.go:156.27,159.9 3 0
github.com/thewholedonuts-beep/wholedonuts-universe/cmd/scaling-orchestrator/main.go:162.2,162.29 1 0
github.com/thewholedonuts-beep/wholedonuts-universe/cmd/scaling-orchestrator/main.go:162.29,164.3 1 0
github.com/thewholedonuts-beep/wholedonuts-universe/cmd/scaling-orchestrator/main.go:165.2,165.14 1 0
github.com/thewholedonuts-beep/wholedonuts-universe/cmd/scaling-orchestrator/main.go:168.13,177.39 3 0
github.com/thewholedonuts-beep/wholedonuts-universe/cmd/scaling-orchestrator/main.go:177.39,179.3 1 0
github.com/thewholedonuts-beep/wholedonuts-universe/cmd/scaling-orchestrator/main.go:181.2,184.18 3 0
github.com/thewholedonuts-beep/wholedonuts-universe/cmd/scaling-orchestrator/main.go:185.15,186.22 1 0
github.com/thewholedonuts-beep/wholedonuts-universe/cmd/scaling-orchestrator/main.go:186.22,188.4 1 0
github.com/thewholedonuts-beep/wholedonuts-universe/cmd/scaling-orchestrator/main.go:189.3,190.17 2 0
github.com/thewholedonuts-beep/wholedonuts-universe/cmd/scaling-orchestrator/main.go:190.17,192.4 1 0
github.com/thewholedonuts-beep/wholedonuts-universe/cmd/scaling-orchestrator/main.go:194.22,196.46 2 0
github.com/thewholedonuts-beep/wholedonuts-universe/cmd/scaling-orchestrator/main.go:198.25,200.55 2 0
github.com/thewholedonuts-beep/wholedonuts-universe/cmd/scaling-orchestrator/main.go:200.55,205.4 4 0
github.com/thewholedonuts-beep/wholedonuts-universe/cmd/scaling-orchestrator/main.go:206.3,206.28 1 0
github.com/thewholedonuts-beep/wholedonuts-universe/cmd/scaling-orchestrator/main.go:208.10,209.15 1 0
github.com/thewholedonuts-beep/wholedonuts-universe/cmd/funnel-cli/main.go:13.13,25.39 3 0
github.com/thewholedonuts-beep/wholedonuts-universe/cmd/funnel-cli/main.go:25.39,27.3 1 0
github.com/thewholedonuts-beep/wholedonuts-universe/cmd/funnel-cli/main.go:29.2,32.18 3 0
github.com/thewholedonuts-beep/wholedonuts-universe/cmd/funnel-cli/main.go:33.20,34.20 1 0
github.com/thewholedonuts-beep/wholedonuts-universe/cmd/funnel-cli/main.go:34.20,36.4 1 0
github.com/thewholedonuts-beep/wholedonuts-universe/cmd/funnel-cli/main.go:37.3,38.22 2 0
github.com/thewholedonuts-beep/wholedonuts-universe/cmd/funnel-cli/main.go:38.22,40.4 1 0
github.com/thewholedonuts-beep/wholedonuts-universe/cmd/funnel-cli/main.go:41.3,42.17 2 0
github.com/thewholedonuts-beep/wholedonuts-universe/cmd/funnel-cli/main.go:42.17,44.4 1 0
github.com/thewholedonuts-beep/wholedonuts-universe/cmd/funnel-cli/main.go:45.3,47.49 3 0
github.com/thewholedonuts-beep/wholedonuts-universe/cmd/funnel-cli/main.go:49.23,50.80 1 0
github.com/thewholedonuts-beep/wholedonuts-universe/cmd/funnel-cli/main.go:50.80,52.4 1 0
github.com/thewholedonuts-beep/wholedonuts-universe/cmd/funnel-cli/main.go:53.3,54.61 2 0
github.com/thewholedonuts-beep/wholedonuts-universe/cmd/funnel-cli/main.go:54.61,56.4 1 0
github.com/thewholedonuts-beep/wholedonuts-universe/cmd/funnel-cli/main.go:57.3,62.17 3 0
github.com/thewholedonuts-beep/wholedonuts-universe/cmd/funnel-cli/main.go:62.17,64.4 1 0
github.com/thewholedonuts-beep/wholedonuts-universe/cmd/funnel-cli/main.go:65.3,68.64 4 0
github.com/thewholedonuts-beep/wholedonuts-universe/cmd/funnel-cli/main.go:70.22,72.24 2 0
github.com/thewholedonuts-beep/wholedonuts-universe/cmd/funnel-cli/main.go:72.24,75.4 2 0
github.com/thewholedonuts-beep/wholedonuts-universe/cmd/funnel-cli/main.go:76.3,77.29 2 0
github.com/thewholedonuts-beep/wholedonuts-universe/cmd/funnel-cli/main.go:77.29,82.4 4 0
github.com/thewholedonuts-beep/wholedonuts-universe/cmd/funnel-cli/main.go:84.22,86.24 2 0
github.com/thewholedonuts-beep/wholedonuts-universe/cmd/funnel-cli/main.go:86.24,89.4 2 0
github.com/thewholedonuts-beep/wholedonuts-universe/cmd/funnel-cli/main.go:90.3,91.29 2 0
github.com/thewholedonuts-beep/wholedonuts-universe/cmd/funnel-cli/main.go:91.29,97.4 5 0
github.com/thewholedonuts-beep/wholedonuts-universe/cmd/funnel-cli/main.go:99.18,100.22 1 0
github.com/thewholedonuts-beep/wholedonuts-universe/cmd/funnel-cli/main.go:100.22,102.4 1 0
github.com/thewholedonuts-beep/wholedonuts-universe/cmd/funnel-cli/main.go:103.3,104.17 2 0
github.com/thewholedonuts-beep/wholedonuts-universe/cmd/funnel-cli/main.go:104.17,106.4 1 0
github.com/thewholedonuts-beep/wholedonuts-universe/cmd/funnel-cli/main.go:108.20,109.22 1 0
github.com/thewholedonuts-beep/wholedonuts-universe/cmd/funnel-cli/main.go:109.22,111.4 1 0
github.com/thewholedonuts-beep/wholedonuts-universe/cmd/funnel-cli/main.go:112.3,113.17 2 0
github.com/thewholedonuts-beep/wholedonuts-universe/cmd/funnel-cli/main.go:113.17,115.4 1 0
github.com/thewholedonuts-beep/wholedonuts-universe/cmd/funnel-cli/main.go:117.10,118.15 1 0
github.com/thewholedonuts-beep/wholedonuts-universe/cmd/funnel-cli/main.go:122.46,125.40 3 0
github.com/thewholedonuts-beep/wholedonuts-universe/cmd/funnel-cli/main.go:125.40,126.23 1 0
github.com/thewholedonuts-beep/wholedonuts-universe/cmd/funnel-cli/main.go:126.23,129.9 3 0
github.com/thewholedonuts-beep/wholedonuts-universe/cmd/funnel-cli/main.go:132.2,132.29 1 0
github.com/thewholedonuts-beep/wholedonuts-universe/cmd/funnel-cli/main.go:132.29,134.3 1 0
github.com/thewholedonuts-beep/wholedonuts-universe/cmd/funnel-cli/main.go:135.2,135.14 1 0
github.com/thewholedonuts-beep/wholedonuts-universe/cmd/funnel-cli/main.go:138.38,140.2 1 0
github.com/thewholedonuts-beep/wholedonuts-universe/pkg/domains/config.go:37.51,39.16 2 1
github.com/thewholedonuts-beep/wholedonuts-universe/pkg/domains/config.go:39.16,41.3 1 0
github.com/thewholedonuts-beep/wholedonuts-universe/pkg/domains/config.go:43.2,44.51 2 1
github.com/thewholedonuts-beep/wholedonuts-universe/pkg/domains/config.go:44.51,46.3 1 0
github.com/thewholedonuts-beep/wholedonuts-universe/pkg/domains/config.go:48.2,48.18 1 1
github.com/thewholedonuts-beep/wholedonuts-universe/pkg/domains/config.go:52.40,53.27 1 0
github.com/thewholedonuts-beep/wholedonuts-universe/pkg/domains/config.go:53.27,55.3 1 0
github.com/thewholedonuts-beep/wholedonuts-universe/pkg/domains/config.go:57.2,57.27 1 0
github.com/thewholedonuts-beep/wholedonuts-universe/pkg/domains/config.go:57.27,59.3 1 0
github.com/thewholedonuts-beep/wholedonuts-universe/pkg/domains/config.go:62.2,62.44 1 0
github.com/thewholedonuts-beep/wholedonuts-universe/pkg/domains/config.go:62.44,63.26 1 0
github.com/thewholedonuts-beep/wholedonuts-universe/pkg/domains/config.go:63.26,65.4 1 0
github.com/thewholedonuts-beep/wholedonuts-universe/pkg/domains/config.go:66.3,66.28 1 0
github.com/thewholedonuts-beep/wholedonuts-universe/pkg/domains/config.go:66.28,68.4 1 0
github.com/thewholedonuts-beep/wholedonuts-universe/pkg/domains/config.go:71.2,71.12 1 0
github.com/thewholedonuts-beep/wholedonuts-universe/pkg/domains/manager.go:52.52,60.2 1 0
github.com/thewholedonuts-beep/wholedonuts-universe/pkg/domains/manager.go:63.85,68.16 3 0
github.com/thewholedonuts-beep/wholedonuts-universe/pkg/domains/manager.go:68.16,70.3 1 0
github.com/thewholedonuts-beep/wholedonuts-universe/pkg/domains/manager.go:73.2,74.16 2 0
github.com/thewholedonuts-beep/wholedonuts-universe/pkg/domains/manager.go:74.16,76.3 1 0
github.com/thewholedonuts-beep/wholedonuts-universe/pkg/domains/manager.go:78.2,88.20 3 0
github.com/thewholedonuts-beep/wholedonuts-universe/pkg/domains/manager.go:92.149,94.13 2 0
github.com/thewholedonuts-beep/wholedonuts-universe/pkg/domains/manager.go:94.13,96.3 1 0
github.com/thewholedonuts-beep/wholedonuts-universe/pkg/domains/manager.go:98.2,130.29 3 0
github.com/thewholedonuts-beep/wholedonuts-universe/pkg/domains/manager.go:130.29,132.17 2 0
github.com/thewholedonuts-beep/wholedonuts-universe/pkg/domains/manager.go:132.17,134.4 1 0
github.com/thewholedonuts-beep/wholedonuts-universe/pkg/domains/manager.go:135.3,136.112 2 0
github.com/thewholedonuts-beep/wholedonuts-universe/pkg/domains/manager.go:139.2,142.20 3 0
github.com/thewholedonuts-beep/wholedonuts-universe/pkg/domains/manager.go:146.119,155.16 3 0
github.com/thewholedonuts-beep/wholedonuts-universe/pkg/domains/manager.go:155.16,157.3 1 0
github.com/thewholedonuts-beep/wholedonuts-universe/pkg/domains/manager.go:159.2,159.35 1 0
github.com/thewholedonuts-beep/wholedonuts-universe/pkg/domains/manager.go:163.97,165.13 2 0
github.com/thewholedonuts-beep/wholedonuts-universe/pkg/domains/manager.go:165.13,167.3 1 0
github.com/thewholedonuts-beep/wholedonuts-universe/pkg/domains/manager.go:169.2,170.18 2 0
github.com/thewholedonuts-beep/wholedonuts-universe/pkg/domains/manager.go:171.17,172.33 1 0
github.com/thewholedonuts-beep/wholedonuts-universe/pkg/domains/manager.go:173.18,174.30 1 0
github.com/thewholedonuts-beep/wholedonuts-universe/pkg/domains/manager.go:175.22,176.34 1 0
github.com/thewholedonuts-beep/wholedonuts-universe/pkg/domains/manager.go:177.10,178.57 1 0
github.com/thewholedonuts-beep/wholedonuts-universe/pkg/domains/manager.go:182.2,183.16 2 0
github.com/thewholedonuts-beep/wholedonuts-universe/pkg/domains/manager.go:183.16,185.3 1 0
github.com/thewholedonuts-beep/wholedonuts-universe/pkg/domains/manager.go:187.2,188.28 2 0
github.com/thewholedonuts-beep/wholedonuts-universe/pkg/domains/manager.go:188.28,189.26 1 0
github.com/thewholedonuts-beep/wholedonuts-universe/pkg/domains/manager.go:189.26,191.9 2 0
github.com/thewholedonuts-beep/wholedonuts-universe/pkg/domains/manager.go:195.2,195.19 1 0
github.com/thewholedonuts-beep/wholedonuts-universe/pkg/domains/manager.go:195.19,197.3 1 0
github.com/thewholedonuts-beep/wholedonuts-universe/pkg/domains/manager.go:200.2,208.16 3 0
github.com/thewholedonuts-beep/wholedonuts-universe/pkg/domains/manager.go:208.16,210.3 1 0
github.com/thewholedonuts-beep/wholedonuts-universe/pkg/domains/manager.go:212.2,213.12 2 0
github.com/thewholedonuts-beep/wholedonuts-universe/pkg/domains/manager.go:217.63,219.13 2 0
github.com/thewholedonuts-beep/wholedonuts-universe/pkg/domains/manager.go:219.13,221.3 1 0
github.com/thewholedonuts-beep/wholedonuts-universe/pkg/domains/manager.go:222.2,222.20 1 0
github.com/thewholedonuts-beep/wholedonuts-universe/pkg/domains/manager.go:226.52,228.2 1 0
github.com/thewholedonuts-beep/wholedonuts-universe/pkg/domains/manager.go:231.52,233.2 1 0
github.com/thewholedonuts-beep/wholedonuts-universe/pkg/domains/manager.go:236.98,238.16 2 0
github.com/thewholedonuts-beep/wholedonuts-universe/pkg/domains/manager.go:238.16,240.3 1 0
github.com/thewholedonuts-beep/wholedonuts-universe/pkg/domains/manager.go:241.2,241.21 1 0
github.com/thewholedonuts-beep/wholedonuts-universe/pkg/domains/manager.go:245.90,247.13 2 0
github.com/thewholedonuts-beep/wholedonuts-universe/pkg/domains/manager.go:247.13,249.3 1 0
github.com/thewholedonuts-beep/wholedonuts-universe/pkg/domains/manager.go:251.2,252.18 2 0
github.com/thewholedonuts-beep/wholedonuts-universe/pkg/domains/manager.go:253.17,254.33 1 0
github.com/thewholedonuts-beep/wholedonuts-universe/pkg/domains/manager.go:255.18,256.30 1 0
github.com/thewholedonuts-beep/wholedonuts-universe/pkg/domains/manager.go:257.22,258.34 1 0
github.com/thewholedonuts-beep/wholedonuts-universe/pkg/domains/manager.go:259.10,260.57 1 0
github.com/thewholedonuts-beep/wholedonuts-universe/pkg/domains/manager.go:264.2,265.16 2 0
github.com/thewholedonuts-beep/wholedonuts-universe/pkg/domains/manager.go:265.16,267.3 1 0
github.com/thewholedonuts-beep/wholedonuts-universe/pkg/domains/manager.go:269.2,270.28 2 0
github.com/thewholedonuts-beep/wholedonuts-universe/pkg/domains/manager.go:270.28,271.26 1 0
github.com/thewholedonuts-beep/wholedonuts-universe/pkg/domains/manager.go:271.26,273.9 2 0
github.com/thewholedonuts-beep/wholedonuts-universe/pkg/domains/manager.go:277.2,277.19 1 0
github.com/thewholedonuts-beep/wholedonuts-universe/pkg/domains/manager.go:277.19,279.3 1 0
github.com/thewholedonuts-beep/wholedonuts-universe/pkg/domains/manager.go:281.2,282.16 2 0
github.com/thewholedonuts-beep/wholedonuts-universe/pkg/domains/manager.go:282.16,284.3 1 0
github.com/thewholedonuts-beep/wholedonuts-universe/pkg/domains/manager.go:286.2,287.12 2 0
github.com/thewholedonuts-beep/wholedonuts-universe/pkg/domains/manager.go:291.96,293.16 2 0
github.com/thewholedonuts-beep/wholedonuts-universe/pkg/domains/manager.go:293.16,295.3 1 0
github.com/thewholedonuts-beep/wholedonuts-universe/pkg/domains/manager.go:296.2,296.21 1 0
github.com/thewholedonuts-beep/wholedonuts-universe/pkg/domains/manager.go:300.57,302.13 2 0
github.com/thewholedonuts-beep/wholedonuts-universe/pkg/domains/manager.go:302.13,304.3 1 0
github.com/thewholedonuts-beep/wholedonuts-universe/pkg/domains/manager.go:305.2,307.12 3 0
github.com/thewholedonuts-beep/wholedonuts-universe/pkg/domains/manager.go:311.59,313.13 2 0
github.com/thewholedonuts-beep/wholedonuts-universe/pkg/domains/manager.go:313.13,315.3 1 0
github.com/thewholedonuts-beep/wholedonuts-universe/pkg/domains/manager.go:316.2,318.12 3 0
